// Jest Snapshot v1, https://goo.gl/fbAQLP

exports[`first Correct snpashot 1`] = `
<Fragment>
  <h1>
    CounterApp
  </h1>
  <h2>
    100
  </h2>
  <button
    onClick={[Function]}
  >
    +1
  </button>
  <button
    className="buttonReset"
    onClick={[Function]}
  >
    Reset
  </button>
  <button
    onClick={[Function]}
  >
    -1
  </button>
</Fragment>
`;
