// Jest Snapshot v1, https://goo.gl/fbAQLP

exports[`first should first 1`] = `
<Fragment>
  <h1>
    Perro
  </h1>
  <p>
    Soy un subtitulo.
  </p>
</Fragment>
`;
